(function () {

  var template = Handlebars.template({"compiler":[8,">= 4.3.0"],"main":function(container,depth0,helpers,partials,data) {
    var helper, lookupProperty = container.lookupProperty || function(parent, propertyName) {
        if (Object.prototype.hasOwnProperty.call(parent, propertyName)) {
          return parent[propertyName];
        }
        return undefined
    };

  return container.escapeExpression(((helper = (helper = lookupProperty(helpers,"i18nJs") || (depth0 != null ? lookupProperty(depth0,"i18nJs") : depth0)) != null ? helper : container.hooks.helperMissing),(typeof helper === "function" ? helper.call(depth0 != null ? depth0 : (container.nullContext || {}),{"name":"i18nJs","hash":{},"data":data,"loc":{"start":{"line":1,"column":0},"end":{"line":1,"column":10}}}) : helper)))
    + "\n"
    + container.escapeExpression((lookupProperty(helpers,"i18n")||(depth0 && lookupProperty(depth0,"i18n"))||container.hooks.helperMissing).call(depth0 != null ? depth0 : (container.nullContext || {}),"hello",{"name":"i18n","hash":{},"data":data,"loc":{"start":{"line":2,"column":0},"end":{"line":2,"column":16}}}))
    + "\n"
    + container.escapeExpression((lookupProperty(helpers,"i18n")||(depth0 && lookupProperty(depth0,"i18n"))||container.hooks.helperMissing).call(depth0 != null ? depth0 : (container.nullContext || {}),"formatted","Edgar!",{"name":"i18n","hash":{},"data":data,"loc":{"start":{"line":3,"column":0},"end":{"line":3,"column":29}}}))
    + "\n"
    + container.escapeExpression((lookupProperty(helpers,"i18n")||(depth0 && lookupProperty(depth0,"i18n"))||container.hooks.helperMissing).call(depth0 != null ? depth0 : (container.nullContext || {}),"args","a","b","c",{"name":"i18n","hash":{},"data":data,"loc":{"start":{"line":4,"column":0},"end":{"line":4,"column":27}}}))
    + "\n";
},"useData":true});
  var templates = Handlebars.templates = Handlebars.templates || {};
  templates['i18njs'] = template;
  var partials = Handlebars.partials = Handlebars.partials || {};
  partials['i18njs'] = template;


// i18nJs output:
// register an empty i18nJs helper:
Handlebars.registerHelper('i18nJs', function (arguments) {
I18n.locale = arguments[0] || "en_US";
return '';
});

// redirect i18n helper to i18n.js:
Handlebars.registerHelper('i18n', function () {
var key = arguments[0],
  i18nOpts = {},
  len = arguments.length - 1,  options = arguments[len];
for(var i = 1; i < len; i++) {
  i18nOpts['arg' + (i - 1)] = arguments[i];
}
i18nOpts.locale = options.hash.locale;
return I18n.t(key, i18nOpts);
});



})();
