(function () {

  var template = Handlebars.template({"compiler":[8,">= 4.3.0"],"main":function(container,depth0,helpers,partials,data) {
    var helper, lookupProperty = container.lookupProperty || function(parent, propertyName) {
        if (Object.prototype.hasOwnProperty.call(parent, propertyName)) {
          return parent[propertyName];
        }
        return undefined
    };

  return "<h1>I'm "
    + container.escapeExpression(((helper = (helper = lookupProperty(helpers,"level1") || (depth0 != null ? lookupProperty(depth0,"level1") : depth0)) != null ? helper : container.hooks.helperMissing),(typeof helper === "function" ? helper.call(depth0 != null ? depth0 : (container.nullContext || {}),{"name":"level1","hash":{},"data":data,"loc":{"start":{"line":1,"column":8},"end":{"line":1,"column":18}}}) : helper)))
    + "</h1>";
},"useData":true});
  var templates = Handlebars.templates = Handlebars.templates || {};
  templates['level1/level1'] = template;
  var partials = Handlebars.partials = Handlebars.partials || {};
  partials['level1/level1'] = template;



  var template = Handlebars.template({"compiler":[8,">= 4.3.0"],"main":function(container,depth0,helpers,partials,data) {
    var stack1, lookupProperty = container.lookupProperty || function(parent, propertyName) {
        if (Object.prototype.hasOwnProperty.call(parent, propertyName)) {
          return parent[propertyName];
        }
        return undefined
    };

  return "I'm the base partial\n"
    + ((stack1 = container.invokePartial(lookupProperty(partials,"partial/partial"),depth0,{"name":"partial/partial","data":data,"helpers":helpers,"partials":partials,"decorators":container.decorators})) != null ? stack1 : "");
},"usePartial":true,"useData":true});
  var templates = Handlebars.templates = Handlebars.templates || {};
  templates['partial/base'] = template;
  var partials = Handlebars.partials = Handlebars.partials || {};
  partials['partial/base'] = template;



  var template = Handlebars.template({"compiler":[8,">= 4.3.0"],"main":function(container,depth0,helpers,partials,data) {
    return "I'm the child partial";
},"useData":true});
  var templates = Handlebars.templates = Handlebars.templates || {};
  templates['partial/partial'] = template;
  var partials = Handlebars.partials = Handlebars.partials || {};
  partials['partial/partial'] = template;



  var template = Handlebars.template({"compiler":[8,">= 4.3.0"],"main":function(container,depth0,helpers,partials,data) {
    return "Hello "
    + container.escapeExpression(container.lambda(depth0, depth0))
    + "!";
},"useData":true});
  var templates = Handlebars.templates = Handlebars.templates || {};
  templates['root'] = template;
  var partials = Handlebars.partials = Handlebars.partials || {};
  partials['root'] = template;



})();
