(function () {
// Source: src/test/resources/templates/a.hbs

  var template = Handlebars.template(function (Handlebars,depth0,helpers,partials,data) {
  this.compilerInfo = [4,'>= 1.0.0'];
helpers = this.merge(helpers, Handlebars.helpers); data = data || {};
  var buffer = "", functionType="function", escapeExpression=this.escapeExpression;


  buffer += "I'm template a.\nHello "
    + escapeExpression((typeof depth0 === functionType ? depth0.apply(depth0) : depth0))
    + "!";
  return buffer;
  });
  var templates = Handlebars.templates = Handlebars.templates || {};
  templates['a'] = template;
  var partials = Handlebars.partials = Handlebars.partials || {};
  partials['a'] = template;


// Source: src/test/resources/templates/c.hbs

  var template = Handlebars.template(function (Handlebars,depth0,helpers,partials,data) {
  this.compilerInfo = [4,'>= 1.0.0'];
helpers = this.merge(helpers, Handlebars.helpers); data = data || {};
  var buffer = "", functionType="function", escapeExpression=this.escapeExpression;


  buffer += "I'm template c.\nHello "
    + escapeExpression((typeof depth0 === functionType ? depth0.apply(depth0) : depth0))
    + "!";
  return buffer;
  });
  var templates = Handlebars.templates = Handlebars.templates || {};
  templates['c'] = template;
  var partials = Handlebars.partials = Handlebars.partials || {};
  partials['c'] = template;



})();